// Jest Snapshot v1, https://goo.gl/fbAQLP

exports[`corresponds to what we saw before 1`] = `"<button class=\\"untoggled\\" data-testid=\\"button\\">Add text!</button>"`;
